// Jest Snapshot v1, https://goo.gl/fbAQLP

exports[`PredictionFilter should render correctly 1`] = `
<div>
  <div
    className="class_1-wrap-4"
  >
    <div
      className="MuiFormControl-root-5 class_1-control-3"
    >
      <label
        className="MuiFormLabel-root-20 MuiFormLabel-filled-24 MuiInputLabel-root-9 MuiInputLabel-formControl-14 MuiInputLabel-animated-17 MuiInputLabel-shrink-16"
        data-shrink={true}
        htmlFor="date"
      >
        Date
      </label>
      <div
        className="MuiInputBase-root-47 MuiInput-root-34 MuiInput-underline-38 MuiInputBase-formControl-48 MuiInput-formControl-35"
        onClick={[Function]}
      >
        <div
          className="MuiSelect-root-27"
        >
          <div
            aria-haspopup="true"
            aria-pressed="false"
            className="MuiSelect-select-28 MuiSelect-selectMenu-31 MuiInputBase-input-57 MuiInput-input-42"
            id="select-date"
            onBlur={[Function]}
            onClick={[Function]}
            onFocus={[Function]}
            onKeyDown={[Function]}
            role="button"
            tabIndex={0}
          >
            <span
              dangerouslySetInnerHTML={
                Object {
                  "__html": "&#8203;",
                }
              }
            />
          </div>
          <input
            id="date"
            name="date"
            type="hidden"
            value="date"
          />
          <svg
            aria-hidden="true"
            className="MuiSvgIcon-root-64 MuiSelect-icon-33"
            focusable="false"
            role="presentation"
            viewBox="0 0 24 24"
          >
            <path
              d="M7 10l5 5 5-5z"
            />
          </svg>
        </div>
      </div>
    </div>
    <button
      className="MuiButtonBase-root-103 MuiButton-root-77 MuiButton-contained-88 MuiButton-containedSecondary-90 MuiButton-raised-91 MuiButton-raisedSecondary-93 MuiButton-sizeSmall-100 class_1-btn-1"
      disabled={false}
      onBlur={[Function]}
      onClick={[Function]}
      onContextMenu={[Function]}
      onFocus={[Function]}
      onKeyDown={[Function]}
      onKeyUp={[Function]}
      onMouseDown={[Function]}
      onMouseLeave={[Function]}
      onMouseUp={[Function]}
      onTouchEnd={[Function]}
      onTouchMove={[Function]}
      onTouchStart={[Function]}
      tabIndex="0"
      type="button"
    >
      <span
        className="MuiButton-label-78"
      >
        <svg
          aria-hidden="true"
          className="MuiSvgIcon-root-64 class_1-btnIcon-2"
          focusable="false"
          role="presentation"
          viewBox="0 0 24 24"
        >
          <path
            d="M10 18h4v-2h-4v2zM3 6v2h18V6H3zm3 7h12v-2H6v2z"
          />
          <path
            d="M0 0h24v24H0z"
            fill="none"
          />
        </svg>
        Show
      </span>
      <span
        className="MuiTouchRipple-root-106"
      />
    </button>
  </div>
</div>
`;
