// Jest Snapshot v1, https://goo.gl/fbAQLP

exports[`TableView should render correctly with default props 1`] = `"<div class=\\"class_1-header-2\\"><h4 class=\\"MuiTypography-root class_1-title-4 MuiTypography-h4 MuiTypography-colorInherit\\">Title</h4><a class=\\"MuiButtonBase-root MuiButton-root withRouter()-containedSecondary-35 MuiButton-contained MuiButton-containedSecondary MuiButton-sizeSmall\\" tabindex=\\"0\\" role=\\"button\\" aria-disabled=\\"false\\" href=\\"/tournament/undefined\\"><span class=\\"MuiButton-label\\">Table</span><span class=\\"MuiTouchRipple-root\\"></span></a><a class=\\"MuiButtonBase-root MuiButton-root withRouter()-containedSecondary-35 MuiButton-contained MuiButton-containedSecondary MuiButton-sizeSmall\\" tabindex=\\"0\\" role=\\"button\\" aria-disabled=\\"false\\" href=\\"/fixtures/undefined\\"><span class=\\"MuiButton-label\\">Fixtures</span><span class=\\"MuiTouchRipple-root\\"></span></a><a class=\\"MuiButtonBase-root MuiButton-root withRouter()-containedSecondary-35 MuiButton-contained MuiButton-containedSecondary MuiButton-sizeSmall\\" tabindex=\\"0\\" role=\\"button\\" aria-disabled=\\"false\\" href=\\"/results/undefined\\"><span class=\\"MuiButton-label\\">Results</span><span class=\\"MuiTouchRipple-root\\"></span></a><a class=\\"MuiButtonBase-root MuiButton-root withRouter()-containedSecondary-35 MuiButton-contained MuiButton-containedSecondary MuiButton-sizeSmall\\" tabindex=\\"0\\" role=\\"button\\" aria-disabled=\\"false\\" href=\\"/predictions?tournament_id=undefined\\"><span class=\\"MuiButton-label\\">Prediction</span><span class=\\"MuiTouchRipple-root\\"></span></a></div><div class=\\"MuiPaper-root MuiPaper-elevation1 class_1-paper-3 MuiPaper-rounded\\"><div class=\\"class_1-group-1\\">Group A</div><table class=\\"MuiTable-root\\"><thead class=\\"MuiTableHead-root\\"><tr class=\\"MuiTableRow-root MuiTableRow-head\\"><th class=\\"MuiTableCell-root Component-cell-86  MuiTableCell-head MuiTableCell-paddingCheckbox\\" aria-sort=\\"ascending\\" scope=\\"col\\"><span class=\\"MuiButtonBase-root MuiTableSortLabel-root\\" tabindex=\\"0\\" role=\\"button\\" title=\\"Sort\\"><svg class=\\"MuiSvgIcon-root MuiTableSortLabel-icon MuiTableSortLabel-iconDirectionDesc\\" focusable=\\"false\\" viewBox=\\"0 0 24 24\\" aria-hidden=\\"true\\" role=\\"presentation\\"><path d=\\"M20 12l-1.41-1.41L13 16.17V4h-2v12.17l-5.58-5.59L4 12l8 8 8-8z\\"></path></svg></span></th><th class=\\"MuiTableCell-root Component-cell-86  MuiTableCell-head MuiTableCell-paddingCheckbox\\" aria-sort=\\"ascending\\" scope=\\"col\\"><span class=\\"MuiButtonBase-root MuiTableSortLabel-root\\" tabindex=\\"0\\" role=\\"button\\" title=\\"Sort\\"><svg class=\\"MuiSvgIcon-root MuiTableSortLabel-icon MuiTableSortLabel-iconDirectionDesc\\" focusable=\\"false\\" viewBox=\\"0 0 24 24\\" aria-hidden=\\"true\\" role=\\"presentation\\"><path d=\\"M20 12l-1.41-1.41L13 16.17V4h-2v12.17l-5.58-5.59L4 12l8 8 8-8z\\"></path></svg></span></th><th class=\\"MuiTableCell-root Component-cell-86  MuiTableCell-head MuiTableCell-paddingCheckbox\\" aria-sort=\\"ascending\\" scope=\\"col\\"><span class=\\"MuiButtonBase-root MuiTableSortLabel-root\\" tabindex=\\"0\\" role=\\"button\\" title=\\"Sort\\">points<svg class=\\"MuiSvgIcon-root MuiTableSortLabel-icon MuiTableSortLabel-iconDirectionDesc\\" focusable=\\"false\\" viewBox=\\"0 0 24 24\\" aria-hidden=\\"true\\" role=\\"presentation\\"><path d=\\"M20 12l-1.41-1.41L13 16.17V4h-2v12.17l-5.58-5.59L4 12l8 8 8-8z\\"></path></svg></span></th></tr></thead><tbody class=\\"MuiTableBody-root\\"><tr class=\\"MuiTableRow-root Component-edge-137 Component-top-147\\"><td class=\\"MuiTableCell-root Component-cell-135  MuiTableCell-body MuiTableCell-paddingCheckbox\\"></td><td class=\\"MuiTableCell-root Component-cell-135 Component-teamName-146 MuiTableCell-body MuiTableCell-paddingCheckbox\\"></td><td class=\\"MuiTableCell-root Component-cell-135  MuiTableCell-body MuiTableCell-paddingCheckbox\\">95</td></tr><tr class=\\"MuiTableRow-root Component-edge-137 \\"><td class=\\"MuiTableCell-root Component-cell-135  MuiTableCell-body MuiTableCell-paddingCheckbox\\"></td><td class=\\"MuiTableCell-root Component-cell-135 Component-teamName-146 MuiTableCell-body MuiTableCell-paddingCheckbox\\"></td><td class=\\"MuiTableCell-root Component-cell-135  MuiTableCell-body MuiTableCell-paddingCheckbox\\">30</td></tr><tr class=\\"MuiTableRow-root Component-edge-137 \\"><td class=\\"MuiTableCell-root Component-cell-135  MuiTableCell-body MuiTableCell-paddingCheckbox\\"></td><td class=\\"MuiTableCell-root Component-cell-135 Component-teamName-146 MuiTableCell-body MuiTableCell-paddingCheckbox\\"></td><td class=\\"MuiTableCell-root Component-cell-135  MuiTableCell-body MuiTableCell-paddingCheckbox\\">0</td></tr><tr class=\\"MuiTableRow-root Component-middle-143 \\"><td class=\\"MuiTableCell-root Component-cell-135  MuiTableCell-body MuiTableCell-paddingCheckbox\\"></td><td class=\\"MuiTableCell-root Component-cell-135 Component-teamName-146 MuiTableCell-body MuiTableCell-paddingCheckbox\\"></td><td class=\\"MuiTableCell-root Component-cell-135  MuiTableCell-body MuiTableCell-paddingCheckbox\\">30</td></tr><tr class=\\"MuiTableRow-root Component-middle-143 \\"><td class=\\"MuiTableCell-root Component-cell-135  MuiTableCell-body MuiTableCell-paddingCheckbox\\"></td><td class=\\"MuiTableCell-root Component-cell-135 Component-teamName-146 MuiTableCell-body MuiTableCell-paddingCheckbox\\"></td><td class=\\"MuiTableCell-root Component-cell-135  MuiTableCell-body MuiTableCell-paddingCheckbox\\">31</td></tr><tr class=\\"MuiTableRow-root Component-row-145  MuiTableRow-hover\\"><td class=\\"MuiTableCell-root Component-cell-135  MuiTableCell-body MuiTableCell-paddingCheckbox\\"></td><td class=\\"MuiTableCell-root Component-cell-135 Component-teamName-146 MuiTableCell-body MuiTableCell-paddingCheckbox\\"></td><td class=\\"MuiTableCell-root Component-cell-135  MuiTableCell-body MuiTableCell-paddingCheckbox\\">25</td></tr></tbody></table></div>"`;
