// Jest Snapshot v1, https://goo.gl/fbAQLP

exports[`TableContainer should render correctly 1`] = `
<div>
  <table
    className="MuiTable-root-1"
  >
    <thead>
      <tr
        className="MuiTableRow-root-2 MuiTableRow-typeHead-3"
      >
        <th
          aria-sort="descending"
          className="MuiTableCell-root-7 MuiTableCell-paddingDefault-12 MuiTableCell-typeHead-9"
          scope="col"
        >
          <div
            className="MuiTooltip-root-15"
          >
            <span
              aria-describedby={undefined}
              className="MuiButtonBase-root-29 MuiTableSortLabel-root-24 MuiTableSortLabel-active-25"
              onBlur={[Function]}
              onClick={[Function]}
              onFocus={[Function]}
              onKeyDown={[Function]}
              onKeyUp={[Function]}
              onMouseDown={[Function]}
              onMouseLeave={[Function]}
              onMouseOver={[Function]}
              onMouseUp={[Function]}
              onTouchEnd={[Function]}
              onTouchMove={[Function]}
              onTouchStart={[Function]}
              role="button"
              tabIndex="0"
            >
              position
              <svg
                aria-hidden="true"
                className="MuiSvgIcon-root-31 MuiTableSortLabel-icon-26 MuiTableSortLabel-asc-28"
                color={undefined}
                focusable="false"
                viewBox="0 0 24 24"
              >
                <path
                  d="M20 12l-1.41-1.41L13 16.17V4h-2v12.17l-5.58-5.59L4 12l8 8 8-8z"
                />
              </svg>
            </span>
            <div
              className="MuiTooltip-popper-16 MuiTooltip-popperClose-17"
              data-placement={undefined}
              data-x-out-of-boundaries={undefined}
              style={
                Object {
                  "left": 0,
                  "opacity": 0,
                  "pointerEvents": "none",
                  "position": "absolute",
                  "top": 0,
                }
              }
            >
              <div
                aria-hidden={true}
                className="MuiTooltip-tooltip-18 MuiTooltip-tooltipBottom-22"
                id={undefined}
                role="tooltip"
              >
                Sort
              </div>
            </div>
          </div>
        </th>
        <th
          aria-sort="descending"
          className="MuiTableCell-root-7 MuiTableCell-paddingDefault-12 MuiTableCell-typeHead-9"
          scope="col"
        >
          <div
            className="MuiTooltip-root-15"
          >
            <span
              aria-describedby={undefined}
              className="MuiButtonBase-root-29 MuiTableSortLabel-root-24"
              onBlur={[Function]}
              onClick={[Function]}
              onFocus={[Function]}
              onKeyDown={[Function]}
              onKeyUp={[Function]}
              onMouseDown={[Function]}
              onMouseLeave={[Function]}
              onMouseOver={[Function]}
              onMouseUp={[Function]}
              onTouchEnd={[Function]}
              onTouchMove={[Function]}
              onTouchStart={[Function]}
              role="button"
              tabIndex="0"
            >
              teamName
              <svg
                aria-hidden="true"
                className="MuiSvgIcon-root-31 MuiTableSortLabel-icon-26 MuiTableSortLabel-asc-28"
                color={undefined}
                focusable="false"
                viewBox="0 0 24 24"
              >
                <path
                  d="M20 12l-1.41-1.41L13 16.17V4h-2v12.17l-5.58-5.59L4 12l8 8 8-8z"
                />
              </svg>
            </span>
            <div
              className="MuiTooltip-popper-16 MuiTooltip-popperClose-17"
              data-placement={undefined}
              data-x-out-of-boundaries={undefined}
              style={
                Object {
                  "left": 0,
                  "opacity": 0,
                  "pointerEvents": "none",
                  "position": "absolute",
                  "top": 0,
                }
              }
            >
              <div
                aria-hidden={true}
                className="MuiTooltip-tooltip-18 MuiTooltip-tooltipBottom-22"
                id={undefined}
                role="tooltip"
              >
                Sort
              </div>
            </div>
          </div>
        </th>
        <th
          aria-sort="descending"
          className="MuiTableCell-root-7 MuiTableCell-paddingDefault-12 MuiTableCell-typeHead-9"
          scope="col"
        >
          <div
            className="MuiTooltip-root-15"
          >
            <span
              aria-describedby={undefined}
              className="MuiButtonBase-root-29 MuiTableSortLabel-root-24"
              onBlur={[Function]}
              onClick={[Function]}
              onFocus={[Function]}
              onKeyDown={[Function]}
              onKeyUp={[Function]}
              onMouseDown={[Function]}
              onMouseLeave={[Function]}
              onMouseOver={[Function]}
              onMouseUp={[Function]}
              onTouchEnd={[Function]}
              onTouchMove={[Function]}
              onTouchStart={[Function]}
              role="button"
              tabIndex="0"
            >
              matches
              <svg
                aria-hidden="true"
                className="MuiSvgIcon-root-31 MuiTableSortLabel-icon-26 MuiTableSortLabel-asc-28"
                color={undefined}
                focusable="false"
                viewBox="0 0 24 24"
              >
                <path
                  d="M20 12l-1.41-1.41L13 16.17V4h-2v12.17l-5.58-5.59L4 12l8 8 8-8z"
                />
              </svg>
            </span>
            <div
              className="MuiTooltip-popper-16 MuiTooltip-popperClose-17"
              data-placement={undefined}
              data-x-out-of-boundaries={undefined}
              style={
                Object {
                  "left": 0,
                  "opacity": 0,
                  "pointerEvents": "none",
                  "position": "absolute",
                  "top": 0,
                }
              }
            >
              <div
                aria-hidden={true}
                className="MuiTooltip-tooltip-18 MuiTooltip-tooltipBottom-22"
                id={undefined}
                role="tooltip"
              >
                Sort
              </div>
            </div>
          </div>
        </th>
        <th
          aria-sort="descending"
          className="MuiTableCell-root-7 MuiTableCell-paddingDefault-12 MuiTableCell-typeHead-9"
          scope="col"
        >
          <div
            className="MuiTooltip-root-15"
          >
            <span
              aria-describedby={undefined}
              className="MuiButtonBase-root-29 MuiTableSortLabel-root-24"
              onBlur={[Function]}
              onClick={[Function]}
              onFocus={[Function]}
              onKeyDown={[Function]}
              onKeyUp={[Function]}
              onMouseDown={[Function]}
              onMouseLeave={[Function]}
              onMouseOver={[Function]}
              onMouseUp={[Function]}
              onTouchEnd={[Function]}
              onTouchMove={[Function]}
              onTouchStart={[Function]}
              role="button"
              tabIndex="0"
            >
              w
              <svg
                aria-hidden="true"
                className="MuiSvgIcon-root-31 MuiTableSortLabel-icon-26 MuiTableSortLabel-asc-28"
                color={undefined}
                focusable="false"
                viewBox="0 0 24 24"
              >
                <path
                  d="M20 12l-1.41-1.41L13 16.17V4h-2v12.17l-5.58-5.59L4 12l8 8 8-8z"
                />
              </svg>
            </span>
            <div
              className="MuiTooltip-popper-16 MuiTooltip-popperClose-17"
              data-placement={undefined}
              data-x-out-of-boundaries={undefined}
              style={
                Object {
                  "left": 0,
                  "opacity": 0,
                  "pointerEvents": "none",
                  "position": "absolute",
                  "top": 0,
                }
              }
            >
              <div
                aria-hidden={true}
                className="MuiTooltip-tooltip-18 MuiTooltip-tooltipBottom-22"
                id={undefined}
                role="tooltip"
              >
                Sort
              </div>
            </div>
          </div>
        </th>
        <th
          aria-sort="descending"
          className="MuiTableCell-root-7 MuiTableCell-paddingDefault-12 MuiTableCell-typeHead-9"
          scope="col"
        >
          <div
            className="MuiTooltip-root-15"
          >
            <span
              aria-describedby={undefined}
              className="MuiButtonBase-root-29 MuiTableSortLabel-root-24"
              onBlur={[Function]}
              onClick={[Function]}
              onFocus={[Function]}
              onKeyDown={[Function]}
              onKeyUp={[Function]}
              onMouseDown={[Function]}
              onMouseLeave={[Function]}
              onMouseOver={[Function]}
              onMouseUp={[Function]}
              onTouchEnd={[Function]}
              onTouchMove={[Function]}
              onTouchStart={[Function]}
              role="button"
              tabIndex="0"
            >
              d
              <svg
                aria-hidden="true"
                className="MuiSvgIcon-root-31 MuiTableSortLabel-icon-26 MuiTableSortLabel-asc-28"
                color={undefined}
                focusable="false"
                viewBox="0 0 24 24"
              >
                <path
                  d="M20 12l-1.41-1.41L13 16.17V4h-2v12.17l-5.58-5.59L4 12l8 8 8-8z"
                />
              </svg>
            </span>
            <div
              className="MuiTooltip-popper-16 MuiTooltip-popperClose-17"
              data-placement={undefined}
              data-x-out-of-boundaries={undefined}
              style={
                Object {
                  "left": 0,
                  "opacity": 0,
                  "pointerEvents": "none",
                  "position": "absolute",
                  "top": 0,
                }
              }
            >
              <div
                aria-hidden={true}
                className="MuiTooltip-tooltip-18 MuiTooltip-tooltipBottom-22"
                id={undefined}
                role="tooltip"
              >
                Sort
              </div>
            </div>
          </div>
        </th>
        <th
          aria-sort="descending"
          className="MuiTableCell-root-7 MuiTableCell-paddingDefault-12 MuiTableCell-typeHead-9"
          scope="col"
        >
          <div
            className="MuiTooltip-root-15"
          >
            <span
              aria-describedby={undefined}
              className="MuiButtonBase-root-29 MuiTableSortLabel-root-24"
              onBlur={[Function]}
              onClick={[Function]}
              onFocus={[Function]}
              onKeyDown={[Function]}
              onKeyUp={[Function]}
              onMouseDown={[Function]}
              onMouseLeave={[Function]}
              onMouseOver={[Function]}
              onMouseUp={[Function]}
              onTouchEnd={[Function]}
              onTouchMove={[Function]}
              onTouchStart={[Function]}
              role="button"
              tabIndex="0"
            >
              l
              <svg
                aria-hidden="true"
                className="MuiSvgIcon-root-31 MuiTableSortLabel-icon-26 MuiTableSortLabel-asc-28"
                color={undefined}
                focusable="false"
                viewBox="0 0 24 24"
              >
                <path
                  d="M20 12l-1.41-1.41L13 16.17V4h-2v12.17l-5.58-5.59L4 12l8 8 8-8z"
                />
              </svg>
            </span>
            <div
              className="MuiTooltip-popper-16 MuiTooltip-popperClose-17"
              data-placement={undefined}
              data-x-out-of-boundaries={undefined}
              style={
                Object {
                  "left": 0,
                  "opacity": 0,
                  "pointerEvents": "none",
                  "position": "absolute",
                  "top": 0,
                }
              }
            >
              <div
                aria-hidden={true}
                className="MuiTooltip-tooltip-18 MuiTooltip-tooltipBottom-22"
                id={undefined}
                role="tooltip"
              >
                Sort
              </div>
            </div>
          </div>
        </th>
        <th
          aria-sort="descending"
          className="MuiTableCell-root-7 MuiTableCell-paddingDefault-12 MuiTableCell-typeHead-9"
          scope="col"
        >
          <div
            className="MuiTooltip-root-15"
          >
            <span
              aria-describedby={undefined}
              className="MuiButtonBase-root-29 MuiTableSortLabel-root-24"
              onBlur={[Function]}
              onClick={[Function]}
              onFocus={[Function]}
              onKeyDown={[Function]}
              onKeyUp={[Function]}
              onMouseDown={[Function]}
              onMouseLeave={[Function]}
              onMouseOver={[Function]}
              onMouseUp={[Function]}
              onTouchEnd={[Function]}
              onTouchMove={[Function]}
              onTouchStart={[Function]}
              role="button"
              tabIndex="0"
            >
              goals
              <svg
                aria-hidden="true"
                className="MuiSvgIcon-root-31 MuiTableSortLabel-icon-26 MuiTableSortLabel-asc-28"
                color={undefined}
                focusable="false"
                viewBox="0 0 24 24"
              >
                <path
                  d="M20 12l-1.41-1.41L13 16.17V4h-2v12.17l-5.58-5.59L4 12l8 8 8-8z"
                />
              </svg>
            </span>
            <div
              className="MuiTooltip-popper-16 MuiTooltip-popperClose-17"
              data-placement={undefined}
              data-x-out-of-boundaries={undefined}
              style={
                Object {
                  "left": 0,
                  "opacity": 0,
                  "pointerEvents": "none",
                  "position": "absolute",
                  "top": 0,
                }
              }
            >
              <div
                aria-hidden={true}
                className="MuiTooltip-tooltip-18 MuiTooltip-tooltipBottom-22"
                id={undefined}
                role="tooltip"
              >
                Sort
              </div>
            </div>
          </div>
        </th>
        <th
          aria-sort="descending"
          className="MuiTableCell-root-7 MuiTableCell-paddingDefault-12 MuiTableCell-typeHead-9"
          scope="col"
        >
          <div
            className="MuiTooltip-root-15"
          >
            <span
              aria-describedby={undefined}
              className="MuiButtonBase-root-29 MuiTableSortLabel-root-24"
              onBlur={[Function]}
              onClick={[Function]}
              onFocus={[Function]}
              onKeyDown={[Function]}
              onKeyUp={[Function]}
              onMouseDown={[Function]}
              onMouseLeave={[Function]}
              onMouseOver={[Function]}
              onMouseUp={[Function]}
              onTouchEnd={[Function]}
              onTouchMove={[Function]}
              onTouchStart={[Function]}
              role="button"
              tabIndex="0"
            >
              points
              <svg
                aria-hidden="true"
                className="MuiSvgIcon-root-31 MuiTableSortLabel-icon-26 MuiTableSortLabel-asc-28"
                color={undefined}
                focusable="false"
                viewBox="0 0 24 24"
              >
                <path
                  d="M20 12l-1.41-1.41L13 16.17V4h-2v12.17l-5.58-5.59L4 12l8 8 8-8z"
                />
              </svg>
            </span>
            <div
              className="MuiTooltip-popper-16 MuiTooltip-popperClose-17"
              data-placement={undefined}
              data-x-out-of-boundaries={undefined}
              style={
                Object {
                  "left": 0,
                  "opacity": 0,
                  "pointerEvents": "none",
                  "position": "absolute",
                  "top": 0,
                }
              }
            >
              <div
                aria-hidden={true}
                className="MuiTooltip-tooltip-18 MuiTooltip-tooltipBottom-22"
                id={undefined}
                role="tooltip"
              >
                Sort
              </div>
            </div>
          </div>
        </th>
      </tr>
    </thead>
    <tbody>
      <tr
        className="MuiTableRow-root-2 MuiTableRow-hover-6"
      >
        <td
          aria-sort={null}
          className="MuiTableCell-root-7 MuiTableCell-paddingDefault-12 MuiTableCell-typeBody-10"
          scope={undefined}
        >
          1.
        </td>
        <td
          aria-sort={null}
          className="MuiTableCell-root-7 MuiTableCell-paddingDefault-12 MuiTableCell-typeBody-10"
          scope={undefined}
        >
          Манчестер Сити
        </td>
        <td
          aria-sort={null}
          className="MuiTableCell-root-7 MuiTableCell-paddingDefault-12 MuiTableCell-typeBody-10"
          scope={undefined}
        >
          24
        </td>
        <td
          aria-sort={null}
          className="MuiTableCell-root-7 MuiTableCell-paddingDefault-12 MuiTableCell-typeBody-10"
          scope={undefined}
        >
          21
        </td>
        <td
          aria-sort={null}
          className="MuiTableCell-root-7 MuiTableCell-paddingDefault-12 MuiTableCell-typeBody-10"
          scope={undefined}
        >
          2
        </td>
        <td
          aria-sort={null}
          className="MuiTableCell-root-7 MuiTableCell-paddingDefault-12 MuiTableCell-typeBody-10"
          scope={undefined}
        >
          1
        </td>
        <td
          aria-sort={null}
          className="MuiTableCell-root-7 MuiTableCell-paddingDefault-12 MuiTableCell-typeBody-10"
          scope={undefined}
        >
          70:18
        </td>
        <td
          aria-sort={null}
          className="MuiTableCell-root-7 MuiTableCell-paddingDefault-12 MuiTableCell-typeBody-10"
          scope={undefined}
        >
          65
        </td>
      </tr>
      <tr
        className="MuiTableRow-root-2 MuiTableRow-hover-6"
      >
        <td
          aria-sort={null}
          className="MuiTableCell-root-7 MuiTableCell-paddingDefault-12 MuiTableCell-typeBody-10"
          scope={undefined}
        >
          2.
        </td>
        <td
          aria-sort={null}
          className="MuiTableCell-root-7 MuiTableCell-paddingDefault-12 MuiTableCell-typeBody-10"
          scope={undefined}
        >
          Манчестер Юнайтед
        </td>
        <td
          aria-sort={null}
          className="MuiTableCell-root-7 MuiTableCell-paddingDefault-12 MuiTableCell-typeBody-10"
          scope={undefined}
        >
          24
        </td>
        <td
          aria-sort={null}
          className="MuiTableCell-root-7 MuiTableCell-paddingDefault-12 MuiTableCell-typeBody-10"
          scope={undefined}
        >
          16
        </td>
        <td
          aria-sort={null}
          className="MuiTableCell-root-7 MuiTableCell-paddingDefault-12 MuiTableCell-typeBody-10"
          scope={undefined}
        >
          5
        </td>
        <td
          aria-sort={null}
          className="MuiTableCell-root-7 MuiTableCell-paddingDefault-12 MuiTableCell-typeBody-10"
          scope={undefined}
        >
          3
        </td>
        <td
          aria-sort={null}
          className="MuiTableCell-root-7 MuiTableCell-paddingDefault-12 MuiTableCell-typeBody-10"
          scope={undefined}
        >
          49:16
        </td>
        <td
          aria-sort={null}
          className="MuiTableCell-root-7 MuiTableCell-paddingDefault-12 MuiTableCell-typeBody-10"
          scope={undefined}
        >
          53
        </td>
      </tr>
      <tr
        className="MuiTableRow-root-2 MuiTableRow-hover-6"
      >
        <td
          aria-sort={null}
          className="MuiTableCell-root-7 MuiTableCell-paddingDefault-12 MuiTableCell-typeBody-10"
          scope={undefined}
        >
          3.
        </td>
        <td
          aria-sort={null}
          className="MuiTableCell-root-7 MuiTableCell-paddingDefault-12 MuiTableCell-typeBody-10"
          scope={undefined}
        >
          Челси
        </td>
        <td
          aria-sort={null}
          className="MuiTableCell-root-7 MuiTableCell-paddingDefault-12 MuiTableCell-typeBody-10"
          scope={undefined}
        >
          24
        </td>
        <td
          aria-sort={null}
          className="MuiTableCell-root-7 MuiTableCell-paddingDefault-12 MuiTableCell-typeBody-10"
          scope={undefined}
        >
          15
        </td>
        <td
          aria-sort={null}
          className="MuiTableCell-root-7 MuiTableCell-paddingDefault-12 MuiTableCell-typeBody-10"
          scope={undefined}
        >
          5
        </td>
        <td
          aria-sort={null}
          className="MuiTableCell-root-7 MuiTableCell-paddingDefault-12 MuiTableCell-typeBody-10"
          scope={undefined}
        >
          4
        </td>
        <td
          aria-sort={null}
          className="MuiTableCell-root-7 MuiTableCell-paddingDefault-12 MuiTableCell-typeBody-10"
          scope={undefined}
        >
          45:16
        </td>
        <td
          aria-sort={null}
          className="MuiTableCell-root-7 MuiTableCell-paddingDefault-12 MuiTableCell-typeBody-10"
          scope={undefined}
        >
          50
        </td>
      </tr>
    </tbody>
  </table>
</div>
`;
