// Jest Snapshot v1, https://goo.gl/fbAQLP

exports[`Rating should  1`] = `null`;
