// Jest Snapshot v1, https://goo.gl/fbAQLP

exports[`FixturesList should render correctly 1`] = `
<ul
  className="MuiList-root"
>
  <div
    className="class_1-title-2"
  >
    Round 
    1
  </div>
  <div
    className="MuiPaper-root MuiPaper-elevation1 class_1-round-1 MuiPaper-rounded"
  >
    <div
      aria-disabled={false}
      className="MuiButtonBase-root MuiListItem-root Component-matchItem-55 MuiListItem-gutters MuiListItem-divider MuiListItem-button"
      onBlur={[Function]}
      onDragLeave={[Function]}
      onFocus={[Function]}
      onKeyDown={[Function]}
      onKeyUp={[Function]}
      onMouseDown={[Function]}
      onMouseLeave={[Function]}
      onMouseUp={[Function]}
      onTouchEnd={[Function]}
      onTouchMove={[Function]}
      onTouchStart={[Function]}
      role="button"
      tabIndex={0}
    >
      <div
        className="MuiListItemText-root Component-text-58 Component-home-52"
      >
        <div>
          Newcastle United
        </div>
        <div
          className="MuiListItemIcon-root Component-homeIcon-53 Component-root-80"
        >
          <div
            className="MuiAvatar-root Component-logo-79"
          >
            <img
              className="MuiAvatar-img"
              src="https://upload.wikimedia.org/wikipedia/en/5/56/Newcastle_United_Logo.svg"
            />
          </div>
        </div>
      </div>
      <div
        className="Component-score-57 Component-default-49"
      >
        <div
          className="Component-dash-48"
        >
          :
        </div>
      </div>
      <div
        className="MuiListItemText-root Component-text-58 Component-guest-51"
      >
        <div
          className="MuiListItemIcon-root Component-awayIcon-47 Component-root-80"
        >
          <div
            className="MuiAvatar-root Component-logo-79"
          >
            <img
              className="MuiAvatar-img"
              src="https://upload.wikimedia.org/wikipedia/en/b/b4/Tottenham_Hotspur.svg"
            />
          </div>
        </div>
        <div>
          Tottenham Hotspur
        </div>
      </div>
    </div>
    <div
      aria-disabled={false}
      className="MuiButtonBase-root MuiListItem-root Component-matchItem-55 MuiListItem-gutters MuiListItem-divider MuiListItem-button"
      onBlur={[Function]}
      onDragLeave={[Function]}
      onFocus={[Function]}
      onKeyDown={[Function]}
      onKeyUp={[Function]}
      onMouseDown={[Function]}
      onMouseLeave={[Function]}
      onMouseUp={[Function]}
      onTouchEnd={[Function]}
      onTouchMove={[Function]}
      onTouchStart={[Function]}
      role="button"
      tabIndex={0}
    >
      <div
        className="MuiListItemText-root Component-text-58 Component-home-52"
      >
        <div>
          Willem II Tilburg
        </div>
        <div
          className="MuiListItemIcon-root Component-homeIcon-53 Component-root-80"
        >
          <div
            className="MuiAvatar-root Component-logo-79"
          >
            <img
              className="MuiAvatar-img"
              src="https://upload.wikimedia.org/wikipedia/en/f/fb/Willem_II.png"
            />
          </div>
        </div>
      </div>
      <div
        className="Component-score-57 Component-default-49"
      >
        <div
          className="Component-dash-48"
        >
          :
        </div>
      </div>
      <div
        className="MuiListItemText-root Component-text-58 Component-guest-51"
      >
        <div
          className="MuiListItemIcon-root Component-awayIcon-47 Component-root-80"
        >
          <div
            className="MuiAvatar-root Component-logo-79"
          >
            <img
              className="MuiAvatar-img"
              src="https://upload.wikimedia.org/wikipedia/en/6/60/VVV-Venlo_logo.svg"
            />
          </div>
        </div>
        <div>
          VVV Venlo
        </div>
      </div>
    </div>
    <div
      aria-disabled={false}
      className="MuiButtonBase-root MuiListItem-root Component-matchItem-55 MuiListItem-gutters MuiListItem-divider MuiListItem-button"
      onBlur={[Function]}
      onDragLeave={[Function]}
      onFocus={[Function]}
      onKeyDown={[Function]}
      onKeyUp={[Function]}
      onMouseDown={[Function]}
      onMouseLeave={[Function]}
      onMouseUp={[Function]}
      onTouchEnd={[Function]}
      onTouchMove={[Function]}
      onTouchStart={[Function]}
      role="button"
      tabIndex={0}
    >
      <div
        className="MuiListItemText-root Component-text-58 Component-home-52"
      >
        <div>
          SCO Angers
        </div>
        <div
          className="MuiListItemIcon-root Component-homeIcon-53 Component-root-80"
        >
          <div
            className="MuiAvatar-root Component-logo-79"
          >
            <img
              className="MuiAvatar-img"
              src="https://upload.wikimedia.org/wikipedia/en/d/d4/Angers_SCO_logo.svg"
            />
          </div>
        </div>
      </div>
      <div
        className="Component-score-57 Component-default-49"
      >
        <div
          className="Component-dash-48"
        >
          :
        </div>
      </div>
      <div
        className="MuiListItemText-root Component-text-58 Component-guest-51"
      >
        <div
          className="MuiListItemIcon-root Component-awayIcon-47 Component-root-80"
        >
          <div
            className="MuiAvatar-root Component-logo-79"
          >
            <img
              className="MuiAvatar-img"
              src="https://upload.wikimedia.org/wikipedia/en/d/d7/N%C3%AEmes_Olympique.png"
            />
          </div>
        </div>
        <div>
          Olympique Nimes
        </div>
      </div>
    </div>
  </div>
</ul>
`;
