// Jest Snapshot v1, https://goo.gl/fbAQLP

exports[`PredictionForm should render correctly 1`] = `
<div>
  User is not authorized
</div>
`;
